{smcl}
{com}{sf}{ul off}{txt}{.-}
      name:  {res}<unnamed>
       {txt}log:  {res}/home/drcjar/Documents/occ-burden-ipf-and-other-interstitial-pneumonia/metaanalysis/metaprop16_03_17.smcl
  {txt}log type:  {res}smcl
 {txt}opened on:  {res}26 Jun 2017, 09:48:25
{txt}
{com}. import delimited /home/drcjar/Documents/occ-burden-ipf-and-other-interstitial-pneumonia/metaanalysis/any_paf.csv, clear
{res}{text}(4 vars, 7 obs)

{com}. metaprop num denom, cimethod(exact) label(namevar=author, yearvar=year) sortby(_ES) xlab(.25,.5,.75,1) xtitle(Proportion)
{err}command {bf}metaprop{sf} is unrecognized
{txt}{search r(199), local:r(199);}

end of do-file

{search r(199), local:r(199);}

{com}. ssi metaprop
{err}command {bf}ssi{sf} is unrecognized
{txt}{search r(199), local:r(199);}

{com}. ssc metaprop
{txt}{err}ssc: metaprop: invalid subcommand
{txt}{search r(198), local:r(198);}

{com}. scc metaprop
{err}command {bf}scc{sf} is unrecognized
{txt}{search r(199), local:r(199);}

{com}. ssc install metaprop
{txt}checking {hilite:metaprop} consistency and verifying not already installed...
installing into /home/drcjar/ado/plus/...
installation complete.

{com}. do "/home/drcjar/Documents/occ-burden-ipf-and-other-interstitial-pneumonia/metaanalysis/metaprop.do"
{txt}
{com}. log using "/home/drcjar/Documents/occ-burden-ipf-and-other-interstitial-pneumonia/metaanalysis/metaprop26_06_17.smcl", replace
{err}log file already open
{txt}{search r(604), local:r(604);}

end of do-file

{search r(604), local:r(604);}

{com}. exit, clear
